00:00 +0: loading d:/Work/Projects/Washalniy/test/segment_availability_test.dart
00:00 +0: d:/Work/Projects/Washalniy/test/segment_availability_test.dart: segment occupancy is calculated independently along the route
00:00 +1: d:/Work/Projects/Washalniy/test/segment_availability_test.dart: a booking is rejected when any affected segment is full
00:00 +2: d:/Work/Projects/Washalniy/test/segment_availability_test.dart: a mid-route booking is allowed when every affected segment still has capacity
00:12 +3: d:/Work/Projects/Washalniy/test/widget_test.dart: app renders the role-selection screen
══╡ EXCEPTION CAUGHT BY RENDERING LIBRARY ╞═════════════════════════════════════════════════════════
The following assertion was thrown during layout:
A RenderFlex overflowed by 65 pixels on the bottom.

The relevant error-causing widget was:
  Column
  Column:file:///d:/Work/Projects/Washalniy/lib/features/role_select/presentation/role_select_screen.dart:34:24

The overflowing RenderFlex has an orientation of Axis.vertical.
The edge of the RenderFlex that is overflowing has been marked in the rendering with a yellow and
black striped pattern. This is usually caused by the contents being too big for the RenderFlex.
Consider applying a flex factor (e.g. using an Expanded widget) to force the children of the
RenderFlex to fit within the available space instead of being sized to their natural size.
This is considered an error condition because it indicates that there is content that cannot be
seen. If the content is legitimately bigger than the available space, consider clipping it with a
ClipRect widget before putting it in the flex, or using a scrollable container rather than a Flex,
like a ListView.
The specific RenderFlex in question is: RenderFlex#8f748 relayoutBoundary=up4 OVERFLOWING:
  creator: Column ← Padding ← MediaQuery ← Padding ← SafeArea ← Expanded ← Column ←
    KeyedSubtree-[GlobalKey#53907] ← _BodyBuilder ← MediaQuery ← LayoutId-[<_ScaffoldSlot.body>] ←
    CustomMultiChildLayout ← ⋯
  parentData: offset=Offset(24.0, 32.0) (can use size)
  constraints: BoxConstraints(0.0<=w<=752.0, h=227.0)
  size: Size(752.0, 227.0)
  direction: vertical
  mainAxisAlignment: start
  mainAxisSize: max
  crossAxisAlignment: start
  textDirection: rtl
  verticalDirection: down
  spacing: 0.0
◢◤◢◤◢◤◢◤◢◤◢◤◢◤◢◤◢◤◢◤◢◤◢◤◢◤◢◤◢◤◢◤◢◤◢◤◢◤◢◤◢◤◢◤◢◤◢◤◢◤◢◤◢◤◢◤◢◤◢◤◢◤◢◤◢◤◢◤◢◤◢◤◢◤◢◤◢◤◢◤◢◤◢◤◢◤◢◤◢◤◢◤◢◤◢◤◢◤◢◤
════════════════════════════════════════════════════════════════════════════════════════════════════
00:14 +3 -1: d:/Work/Projects/Washalniy/test/widget_test.dart: app renders the role-selection screen [E]
  Test failed. See exception logs above.
  The test description was: app renders the role-selection screen
  
00:14 +3 -1: Some tests failed.

Failing tests:
  d:/Work/Projects/Washalniy/test/widget_test.dart: app renders the role-selection screen
